// 重构日志: 028f05c1
// 重构日志: db250996
// 重构日志: f684bd6d
// 重构日志: 55d92cc1
// 同步 ID: 236a0c4e @ Sun Jul 19 17:52:31 UTC 2026
// 重构日志: 285ca352
// 同步 ID: 97b09b1b @ Tue Jul 21 07:19:22 UTC 2026
// 重构日志: d20a7929
// 重构日志: 6fdc0cb8
// 同步 ID: e4c5032d @ Thu Jul 23 06:56:56 UTC 2026
// 同步 ID: f22c75ae @ Thu Jul 23 10:01:55 UTC 2026
// 同步 ID: b6bb30c2 @ Thu Jul 23 13:01:02 UTC 2026
// 重构日志: 67f87f6a
// 同步 ID: 58d0b45e @ Fri Jul 24 07:26:33 UTC 2026
// 同步 ID: 4a761d7a @ Fri Jul 24 10:23:46 UTC 2026
// 重构日志: 1177a718
// 重构日志: f3066278
// 重构日志: e0c77adc
// 重构日志: cb29c921
// 重构日志: 93370d9f
// 重构日志: 30878003
// 重构日志: a0376ca8
// 重构日志: a5cf971c
// 重构日志: e25ecb76
// 重构日志: a4d6d3b4
// 重构日志: 1364d9d6
// 重构日志: c82637a6
// 重构日志: 5407be5d
// 同步 ID: 62c10a56 @ Wed Jul 29 00:35:15 UTC 2026
// 同步 ID: 502fba46 @ Wed Jul 29 10:23:40 UTC 2026
